// Jest Snapshot v1, https://goo.gl/fbAQLP

exports[`additional-questions-details should render additional-questions-details 1`] = `
<additional-questions-details>
  <template shadowrootmode="open">
    <h5 class="mt-4" part="detail-section-title">
      Additional Questions
    </h5>
    <hr>
    <div class="d-table gap-2 w-100">
      <div class="gy-3 row">
        <div class="col-12 col-md-6">
          <div class="d-table-row gap-2">
            <span class="d-table-cell fw-bold px-2" part="detail-section-item-title">
              Business Revenue
            </span>
            <span class="d-table-cell flex-1 px-2 text-wrap" part="detail-section-item-data">
              84220
            </span>
          </div>
          <div class="d-table-row gap-2">
            <span class="d-table-cell fw-bold px-2" part="detail-section-item-title">
              Business Payment Volume
            </span>
            <span class="d-table-cell flex-1 px-2 text-wrap" part="detail-section-item-data">
              1000000
            </span>
          </div>
        </div>
      </div>
    </div>
  </template>
</additional-questions-details>
`;
