// Jest Snapshot v1, https://goo.gl/fbAQLP

exports[`justifi-season-interruption-insurance renders loading 1`] = `
<justifi-season-interruption-insurance auth-token="123">
  <template shadowrootmode="open">
    <justifi-season-interruption-insurance-core checkout-id="" class="body" style="display: block;">
      <style></style>
      <div class="gap-3 row">
        <div class="col-12">
          <div aria-hidden="true" class="skeleton undefined" part="skeleton" style="width: 35%; height: 30px;"></div>
        </div>
        <div class="col-12">
          <div aria-hidden="true" class="skeleton undefined" part="skeleton" style="width: 70%;"></div>
        </div>
        <div class="col-12">
          <div aria-hidden="true" class="skeleton undefined" part="skeleton" style="width: 40%;"></div>
        </div>
        <div class="col-12">
          <div aria-hidden="true" class="skeleton undefined" part="skeleton" style="width: 40%;"></div>
        </div>
        <div class="col-12">
          <div aria-hidden="true" class="skeleton undefined" part="skeleton" style="width: 100%;"></div>
        </div>
        <div class="col-12">
          <div aria-hidden="true" class="skeleton undefined" part="skeleton" style="width: 80%;"></div>
        </div>
      </div>
    </justifi-season-interruption-insurance-core>
  </template>
</justifi-season-interruption-insurance>
`;
