// Jest Snapshot v1, https://goo.gl/fbAQLP

exports[`owner-details should render owner-details 1`] = `
<owner-details>
  <h2 class="border-bottom fs-5 mt-4 pb-3" part="header-2">
    Owner Person Name's Details
  </h2>
  <div class="d-table gap-2 mt-3 w-100" part="detail-section-block">
    <div class="d-table-row gap-2" part="detail-section-item">
      <span class="d-table-cell fw-bold px-2" part="detail-section-item-title">
        Name
      </span>
      <span class="d-table-cell flex-1 px-2 text-wrap" part="detail-section-item-data">
        Person Name
      </span>
    </div>
    <div class="d-table-row gap-2" part="detail-section-item">
      <span class="d-table-cell fw-bold px-2" part="detail-section-item-title">
        Title
      </span>
      <span class="d-table-cell flex-1 px-2 text-wrap" part="detail-section-item-data">
        President
      </span>
    </div>
    <div class="d-table-row gap-2" part="detail-section-item">
      <span class="d-table-cell fw-bold px-2" part="detail-section-item-title">
        Email
      </span>
      <span class="d-table-cell flex-1 px-2 text-wrap" part="detail-section-item-data">
        person.name@justifi.ai
      </span>
    </div>
    <div class="d-table-row gap-2" part="detail-section-item">
      <span class="d-table-cell fw-bold px-2" part="detail-section-item-title">
        Phone
      </span>
      <span class="d-table-cell flex-1 px-2 text-wrap" part="detail-section-item-data">
        6124011111
      </span>
    </div>
    <div class="d-table-row gap-2" part="detail-section-item">
      <span class="d-table-cell fw-bold px-2" part="detail-section-item-title">
        Date of Birth
      </span>
      <span class="d-table-cell flex-1 px-2 text-wrap" part="detail-section-item-data">
        Jul 4, 1906
      </span>
    </div>
    <div class="d-table-row gap-2" part="detail-section-item">
      <span class="d-table-cell fw-bold px-2" part="detail-section-item-title">
        Identification Number
      </span>
      <span class="d-table-cell flex-1 px-2 text-wrap" part="detail-section-item-data">
        ********6789
      </span>
    </div>
    <div class="d-table-row gap-2" part="detail-section-item">
      <span class="d-table-cell fw-bold px-2" part="detail-section-item-title">
        Line 1
      </span>
      <span class="d-table-cell flex-1 px-2 text-wrap" part="detail-section-item-data">
        123 Example St
      </span>
    </div>
    <div class="d-table-row gap-2" part="detail-section-item">
      <span class="d-table-cell fw-bold px-2" part="detail-section-item-title">
        Line 2
      </span>
      <span class="d-table-cell flex-1 px-2 text-wrap" part="detail-section-item-data">
        Suite 101
      </span>
    </div>
    <div class="d-table-row gap-2" part="detail-section-item">
      <span class="d-table-cell fw-bold px-2" part="detail-section-item-title">
        City
      </span>
      <span class="d-table-cell flex-1 px-2 text-wrap" part="detail-section-item-data">
        Minneapolis
      </span>
    </div>
    <div class="d-table-row gap-2" part="detail-section-item">
      <span class="d-table-cell fw-bold px-2" part="detail-section-item-title">
        State
      </span>
      <span class="d-table-cell flex-1 px-2 text-wrap" part="detail-section-item-data">
        MN
      </span>
    </div>
    <div class="d-table-row gap-2" part="detail-section-item">
      <span class="d-table-cell fw-bold px-2" part="detail-section-item-title">
        Zip
      </span>
      <span class="d-table-cell flex-1 px-2 text-wrap" part="detail-section-item-data">
        55555
      </span>
    </div>
  </div>
</owner-details>
`;
