// Jest Snapshot v1, https://goo.gl/fbAQLP

exports[`justifi-business-details renders the error state when there is an error message 1`] = `
<justifi-business-details>
  <template shadowrootmode="open">
    <main class="d-flex justify-content-center p-4 text-center" part="detail-empty-state" style="font-size: 1.2rem;">
      <div>
        Invalid business id or auth token
      </div>
    </main>
  </template>
</justifi-business-details>
`;
