// Jest Snapshot v1, https://goo.gl/fbAQLP

exports[`CoreInfoDetails should render 1`] = `
<core-info-details>
  <div>
    <h2 class="border-bottom fs-5 mt-4 pb-3" part="heading-2 heading text color font-family">
      Business Core Info Details
    </h2>
    <div class="d-table gap-2 mt-3 w-100">
      <div class="gy-3 row">
        <div class="col-12 col-md-6">
          <div class="justify-content-between row">
            <div class="col-12 col-md-4">
              <span class="fw-bold" part="text color font-family">
                Legal Name
              </span>
            </div>
            <div class="col-12 col-md-8">
              <span class="text-wrap" part="text color font-family">
                Business Name
              </span>
            </div>
          </div>
          <div class="justify-content-between row">
            <div class="col-12 col-md-4">
              <span class="fw-bold" part="text color font-family">
                Doing Business As (DBA)
              </span>
            </div>
            <div class="col-12 col-md-8">
              <span class="text-wrap" part="text color font-family">
                Best Business
              </span>
            </div>
          </div>
          <div class="justify-content-between row">
            <div class="col-12 col-md-4">
              <span class="fw-bold" part="text color font-family">
                Business Classification
              </span>
            </div>
            <div class="col-12 col-md-8">
              <span class="text-wrap" part="text color font-family">
                Corporation
              </span>
            </div>
          </div>
          <div class="justify-content-between row">
            <div class="col-12 col-md-4">
              <span class="fw-bold" part="text color font-family">
                Industry
              </span>
            </div>
            <div class="col-12 col-md-8">
              <span class="text-wrap" part="text color font-family">
                Big Business
              </span>
            </div>
          </div>
        </div>
        <div class="col-12 col-md-6">
          <div class="justify-content-between row">
            <div class="col-12 col-md-4">
              <span class="fw-bold" part="text color font-family">
                Website URL
              </span>
            </div>
            <div class="col-12 col-md-8">
              <span class="text-wrap" part="text color font-family">
                https://justifi.ai
              </span>
            </div>
          </div>
          <div class="justify-content-between row">
            <div class="col-12 col-md-4">
              <span class="fw-bold" part="text color font-family">
                Email Address
              </span>
            </div>
            <div class="col-12 col-md-8">
              <span class="text-wrap" part="text color font-family">
                business@justifi.ai
              </span>
            </div>
          </div>
          <div class="justify-content-between row">
            <div class="col-12 col-md-4">
              <span class="fw-bold" part="text color font-family">
                Phone Number
              </span>
            </div>
            <div class="col-12 col-md-8">
              <span class="text-wrap" part="text color font-family">
                6124011111
              </span>
            </div>
          </div>
        </div>
      </div>
    </div>
  </div>
</core-info-details>
`;
