// Jest Snapshot v1, https://goo.gl/fbAQLP

exports[`form-control-datepart displays error message correctly 1`] = `
<form-control-datepart error="Error message" exportparts="label,input,input-invalid">
  <mock:shadow-root>
    <label class="form-label" part="label"></label>
    <input class="form-control is-invalid" part="input input-invalid" type="text">
    <div class="invalid-feedback">
      Error message
    </div>
  </mock:shadow-root>
</form-control-datepart>
`;

exports[`form-control-datepart renders correctly with default props 1`] = `
<form-control-datepart exportparts="label,input,input-invalid" label="Date Part" name="datepart">
  <mock:shadow-root>
    <label class="form-label" htmlfor="datepart" part="label">
      Date Part
    </label>
    <input class="form-control" id="datepart" name="datepart" part="input undefined" type="text">
  </mock:shadow-root>
</form-control-datepart>
`;
