// Jest Snapshot v1, https://goo.gl/fbAQLP

exports[`justifi-terminal-quantity-selector should render with all props provided 1`] = `
<terminal-quantity-selector>
  <div class="mt-4 rounded shadow-sm" part="text color font-family">
    <div class="d-flex gap-3">
      <div>
        <img alt="DVC100" height="125" src="https://device-image.com" width="125">
      </div>
      <div class="d-flex flex-column flex-grow-1 gap-3 p-4">
        <div class="d-flex flex-row row">
          <div class="col-6">
            DVC100
          </div>
          <div class="col-6 d-flex justify-content-end">
            <a href="https://learnmore.com" part="link text color font-family">
              Learn more
            </a>
          </div>
        </div>
        <div class="row">
          <div class="col-6">
            super duper terminal
          </div>
          <div class="col-6 d-flex justify-content-end">
            <button class="minus p-0" part="button-link button text color font-family">
              -
            </button>
            <div class="text-center w-25">
              0
            </div>
            <button class="p-0 plus" part="button-link button text color font-family">
              +
            </button>
          </div>
        </div>
      </div>
    </div>
  </div>
</terminal-quantity-selector>
`;
